// Jest Snapshot v1, https://goo.gl/fbAQLP

exports[`simpleSnapshot 1`] = `
<div
  className="ui active text centered inline loader"
>
  Transaction in progress
</div>
`;
